 
****************************************
Report : timing
        -path full
        -delay max
        -max_paths 10
Design : pit_top
Version: G-2012.06-SP2
Date   : Sun Sep 30 06:23:32 2018
****************************************

Operating Conditions: worst_low   Library: NangateOpenCellLibrary_ss0p95vn40c
Wire Load Model Mode: top

  Startpoint: wb_cyc_i (input port clocked by wb_clk_i)
  Endpoint: wb_ack_o (output port clocked by wb_clk_i)
  Path Group: wb_clk_i
  Path Type: max

  Des/Clust/Port     Wire Load Model       Library
  ------------------------------------------------
  pit_top            5K_hvratio_1_1        NangateOpenCellLibrary_ss0p95vn40c

  Point                                    Incr       Path
  -----------------------------------------------------------
  clock wb_clk_i (rise edge)               0.00       0.00
  clock network delay (ideal)              0.00       0.00
  input external delay                     0.62       0.62 r
  wb_cyc_i (in)                            0.00       0.62 r
  U224/ZN (NAND2_X1)                       0.09       0.71 f
  U203/ZN (NOR2_X4)                        0.14       0.85 r
  wb_ack_o (out)                           0.39       1.24 r
  data arrival time                                   1.24

  clock wb_clk_i (rise edge)               2.50       2.50
  clock network delay (ideal)              0.00       2.50
  clock uncertainty                       -0.05       2.45
  output external delay                   -0.62       1.83
  data required time                                  1.83
  -----------------------------------------------------------
  data required time                                  1.83
  data arrival time                                  -1.24
  -----------------------------------------------------------
  slack (MET)                                         0.59


  Startpoint: ext_sync_i (input port clocked by wb_clk_i)
  Endpoint: prescale/cnt_n_reg[14]
            (rising edge-triggered flip-flop clocked by wb_clk_i)
  Path Group: wb_clk_i
  Path Type: max

  Des/Clust/Port     Wire Load Model       Library
  ------------------------------------------------
  pit_top            5K_hvratio_1_1        NangateOpenCellLibrary_ss0p95vn40c

  Point                                    Incr       Path
  -----------------------------------------------------------
  clock wb_clk_i (rise edge)               0.00       0.00
  clock network delay (ideal)              0.00       0.00
  input external delay                     0.62       0.62 r
  ext_sync_i (in)                          0.00       0.62 r
  U223/ZN (AOI22_X1)                       0.08       0.70 f
  U202/ZN (NOR2_X2)                        0.13       0.83 r
  U220/ZN (AND3_X1)                        0.09       0.92 r
  U221/ZN (AND2_X1)                        0.05       0.97 r
  U270/ZN (NAND2_X1)                       0.04       1.00 f
  U271/ZN (NOR2_X1)                        0.05       1.05 r
  U272/ZN (NAND2_X1)                       0.04       1.09 f
  U273/ZN (NOR2_X1)                        0.05       1.14 r
  U274/ZN (NAND2_X1)                       0.04       1.18 f
  U275/ZN (NOR2_X1)                        0.05       1.23 r
  U276/ZN (NAND2_X1)                       0.04       1.27 f
  U277/ZN (NOR2_X1)                        0.05       1.32 r
  U278/ZN (NAND2_X1)                       0.04       1.36 f
  U279/ZN (NOR2_X1)                        0.05       1.41 r
  U307/ZN (NAND2_X1)                       0.03       1.45 f
  U308/Z (XOR2_X1)                         0.07       1.51 f
  prescale/cnt_n_reg[14]/D (DFFR_X1)       0.01       1.52 f
  data arrival time                                   1.52

  clock wb_clk_i (rise edge)               2.50       2.50
  clock network delay (ideal)              0.00       2.50
  clock uncertainty                       -0.05       2.45
  prescale/cnt_n_reg[14]/CK (DFFR_X1)      0.00       2.45 r
  library setup time                      -0.03       2.42
  data required time                                  2.42
  -----------------------------------------------------------
  data required time                                  2.42
  data arrival time                                  -1.52
  -----------------------------------------------------------
  slack (MET)                                         0.90


  Startpoint: ext_sync_i (input port clocked by wb_clk_i)
  Endpoint: prescale/cnt_n_reg[13]
            (rising edge-triggered flip-flop clocked by wb_clk_i)
  Path Group: wb_clk_i
  Path Type: max

  Des/Clust/Port     Wire Load Model       Library
  ------------------------------------------------
  pit_top            5K_hvratio_1_1        NangateOpenCellLibrary_ss0p95vn40c

  Point                                    Incr       Path
  -----------------------------------------------------------
  clock wb_clk_i (rise edge)               0.00       0.00
  clock network delay (ideal)              0.00       0.00
  input external delay                     0.62       0.62 r
  ext_sync_i (in)                          0.00       0.62 r
  U223/ZN (AOI22_X1)                       0.08       0.70 f
  U202/ZN (NOR2_X2)                        0.13       0.83 r
  U220/ZN (AND3_X1)                        0.09       0.92 r
  U221/ZN (AND2_X1)                        0.05       0.97 r
  U270/ZN (NAND2_X1)                       0.04       1.00 f
  U271/ZN (NOR2_X1)                        0.05       1.05 r
  U272/ZN (NAND2_X1)                       0.04       1.09 f
  U273/ZN (NOR2_X1)                        0.05       1.14 r
  U274/ZN (NAND2_X1)                       0.04       1.18 f
  U275/ZN (NOR2_X1)                        0.05       1.23 r
  U276/ZN (NAND2_X1)                       0.04       1.27 f
  U277/ZN (NOR2_X1)                        0.05       1.32 r
  U278/ZN (NAND2_X1)                       0.04       1.36 f
  U279/ZN (NOR2_X1)                        0.05       1.41 r
  U280/ZN (XNOR2_X1)                       0.06       1.47 r
  prescale/cnt_n_reg[13]/D (DFFR_X1)       0.01       1.48 r
  data arrival time                                   1.48

  clock wb_clk_i (rise edge)               2.50       2.50
  clock network delay (ideal)              0.00       2.50
  clock uncertainty                       -0.05       2.45
  prescale/cnt_n_reg[13]/CK (DFFR_X1)      0.00       2.45 r
  library setup time                      -0.04       2.41
  data required time                                  2.41
  -----------------------------------------------------------
  data required time                                  2.41
  data arrival time                                  -1.48
  -----------------------------------------------------------
  slack (MET)                                         0.93


  Startpoint: ext_sync_i (input port clocked by wb_clk_i)
  Endpoint: prescale/cnt_n_reg[12]
            (rising edge-triggered flip-flop clocked by wb_clk_i)
  Path Group: wb_clk_i
  Path Type: max

  Des/Clust/Port     Wire Load Model       Library
  ------------------------------------------------
  pit_top            5K_hvratio_1_1        NangateOpenCellLibrary_ss0p95vn40c

  Point                                    Incr       Path
  -----------------------------------------------------------
  clock wb_clk_i (rise edge)               0.00       0.00
  clock network delay (ideal)              0.00       0.00
  input external delay                     0.62       0.62 r
  ext_sync_i (in)                          0.00       0.62 r
  U223/ZN (AOI22_X1)                       0.08       0.70 f
  U202/ZN (NOR2_X2)                        0.13       0.83 r
  U220/ZN (AND3_X1)                        0.09       0.92 r
  U221/ZN (AND2_X1)                        0.05       0.97 r
  U270/ZN (NAND2_X1)                       0.04       1.00 f
  U271/ZN (NOR2_X1)                        0.05       1.05 r
  U272/ZN (NAND2_X1)                       0.04       1.09 f
  U273/ZN (NOR2_X1)                        0.05       1.14 r
  U274/ZN (NAND2_X1)                       0.04       1.18 f
  U275/ZN (NOR2_X1)                        0.05       1.23 r
  U276/ZN (NAND2_X1)                       0.04       1.27 f
  U277/ZN (NOR2_X1)                        0.05       1.32 r
  U278/ZN (NAND2_X1)                       0.04       1.36 f
  U282/Z (XOR2_X1)                         0.06       1.43 f
  prescale/cnt_n_reg[12]/D (DFFR_X1)       0.01       1.43 f
  data arrival time                                   1.43

  clock wb_clk_i (rise edge)               2.50       2.50
  clock network delay (ideal)              0.00       2.50
  clock uncertainty                       -0.05       2.45
  prescale/cnt_n_reg[12]/CK (DFFR_X1)      0.00       2.45 r
  library setup time                      -0.03       2.42
  data required time                                  2.42
  -----------------------------------------------------------
  data required time                                  2.42
  data arrival time                                  -1.43
  -----------------------------------------------------------
  slack (MET)                                         0.98


  Startpoint: ext_sync_i (input port clocked by wb_clk_i)
  Endpoint: prescale/cnt_n_reg[11]
            (rising edge-triggered flip-flop clocked by wb_clk_i)
  Path Group: wb_clk_i
  Path Type: max

  Des/Clust/Port     Wire Load Model       Library
  ------------------------------------------------
  pit_top            5K_hvratio_1_1        NangateOpenCellLibrary_ss0p95vn40c

  Point                                    Incr       Path
  -----------------------------------------------------------
  clock wb_clk_i (rise edge)               0.00       0.00
  clock network delay (ideal)              0.00       0.00
  input external delay                     0.62       0.62 r
  ext_sync_i (in)                          0.00       0.62 r
  U223/ZN (AOI22_X1)                       0.08       0.70 f
  U202/ZN (NOR2_X2)                        0.13       0.83 r
  U220/ZN (AND3_X1)                        0.09       0.92 r
  U221/ZN (AND2_X1)                        0.05       0.97 r
  U270/ZN (NAND2_X1)                       0.04       1.00 f
  U271/ZN (NOR2_X1)                        0.05       1.05 r
  U272/ZN (NAND2_X1)                       0.04       1.09 f
  U273/ZN (NOR2_X1)                        0.05       1.14 r
  U274/ZN (NAND2_X1)                       0.04       1.18 f
  U275/ZN (NOR2_X1)                        0.05       1.23 r
  U276/ZN (NAND2_X1)                       0.04       1.27 f
  U277/ZN (NOR2_X1)                        0.05       1.32 r
  U284/ZN (XNOR2_X1)                       0.06       1.38 r
  prescale/cnt_n_reg[11]/D (DFFR_X1)       0.01       1.39 r
  data arrival time                                   1.39

  clock wb_clk_i (rise edge)               2.50       2.50
  clock network delay (ideal)              0.00       2.50
  clock uncertainty                       -0.05       2.45
  prescale/cnt_n_reg[11]/CK (DFFR_X1)      0.00       2.45 r
  library setup time                      -0.04       2.41
  data required time                                  2.41
  -----------------------------------------------------------
  data required time                                  2.41
  data arrival time                                  -1.39
  -----------------------------------------------------------
  slack (MET)                                         1.02


  Startpoint: wishbone/addr_latch_reg[1]
              (rising edge-triggered flip-flop clocked by wb_clk_i)
  Endpoint: wb_dat_o[8]
            (output port clocked by wb_clk_i)
  Path Group: wb_clk_i
  Path Type: max

  Des/Clust/Port     Wire Load Model       Library
  ------------------------------------------------
  pit_top            5K_hvratio_1_1        NangateOpenCellLibrary_ss0p95vn40c

  Point                                                   Incr       Path
  --------------------------------------------------------------------------
  clock wb_clk_i (rise edge)                              0.00       0.00
  clock network delay (ideal)                             0.00       0.00
  wishbone/addr_latch_reg[1]/CK (DFF_X1)                  0.00       0.00 r
  wishbone/addr_latch_reg[1]/Q (DFF_X1)                   0.08       0.08 f
  U335/ZN (NOR3_X1)                                       0.09       0.17 r
  U219/ZN (INV_X1)                                        0.08       0.26 f
  U215/ZN (OAI222_X1)                                     0.08       0.33 r
  U198/Z (BUF_X1)                                         0.14       0.47 r
  wb_dat_o[8] (out)                                       0.31       0.78 r
  data arrival time                                                  0.78

  clock wb_clk_i (rise edge)                              2.50       2.50
  clock network delay (ideal)                             0.00       2.50
  clock uncertainty                                      -0.05       2.45
  output external delay                                  -0.62       1.83
  data required time                                                 1.83
  --------------------------------------------------------------------------
  data required time                                                 1.83
  data arrival time                                                 -0.78
  --------------------------------------------------------------------------
  slack (MET)                                                        1.04


  Startpoint: wishbone/addr_latch_reg[1]
              (rising edge-triggered flip-flop clocked by wb_clk_i)
  Endpoint: wb_dat_o[9]
            (output port clocked by wb_clk_i)
  Path Group: wb_clk_i
  Path Type: max

  Des/Clust/Port     Wire Load Model       Library
  ------------------------------------------------
  pit_top            5K_hvratio_1_1        NangateOpenCellLibrary_ss0p95vn40c

  Point                                                   Incr       Path
  --------------------------------------------------------------------------
  clock wb_clk_i (rise edge)                              0.00       0.00
  clock network delay (ideal)                             0.00       0.00
  wishbone/addr_latch_reg[1]/CK (DFF_X1)                  0.00       0.00 r
  wishbone/addr_latch_reg[1]/Q (DFF_X1)                   0.08       0.08 f
  U335/ZN (NOR3_X1)                                       0.09       0.17 r
  U219/ZN (INV_X1)                                        0.08       0.26 f
  U216/ZN (OAI222_X1)                                     0.08       0.33 r
  U188/Z (BUF_X1)                                         0.14       0.47 r
  wb_dat_o[9] (out)                                       0.31       0.78 r
  data arrival time                                                  0.78

  clock wb_clk_i (rise edge)                              2.50       2.50
  clock network delay (ideal)                             0.00       2.50
  clock uncertainty                                      -0.05       2.45
  output external delay                                  -0.62       1.83
  data required time                                                 1.83
  --------------------------------------------------------------------------
  data required time                                                 1.83
  data arrival time                                                 -0.78
  --------------------------------------------------------------------------
  slack (MET)                                                        1.04


  Startpoint: wishbone/addr_latch_reg[1]
              (rising edge-triggered flip-flop clocked by wb_clk_i)
  Endpoint: wb_dat_o[10]
            (output port clocked by wb_clk_i)
  Path Group: wb_clk_i
  Path Type: max

  Des/Clust/Port     Wire Load Model       Library
  ------------------------------------------------
  pit_top            5K_hvratio_1_1        NangateOpenCellLibrary_ss0p95vn40c

  Point                                                   Incr       Path
  --------------------------------------------------------------------------
  clock wb_clk_i (rise edge)                              0.00       0.00
  clock network delay (ideal)                             0.00       0.00
  wishbone/addr_latch_reg[1]/CK (DFF_X1)                  0.00       0.00 r
  wishbone/addr_latch_reg[1]/Q (DFF_X1)                   0.08       0.08 f
  U335/ZN (NOR3_X1)                                       0.09       0.17 r
  U219/ZN (INV_X1)                                        0.08       0.26 f
  U213/ZN (OAI222_X1)                                     0.08       0.33 r
  U190/Z (BUF_X1)                                         0.14       0.47 r
  wb_dat_o[10] (out)                                      0.31       0.78 r
  data arrival time                                                  0.78

  clock wb_clk_i (rise edge)                              2.50       2.50
  clock network delay (ideal)                             0.00       2.50
  clock uncertainty                                      -0.05       2.45
  output external delay                                  -0.62       1.83
  data required time                                                 1.83
  --------------------------------------------------------------------------
  data required time                                                 1.83
  data arrival time                                                 -0.78
  --------------------------------------------------------------------------
  slack (MET)                                                        1.04


  Startpoint: wishbone/addr_latch_reg[1]
              (rising edge-triggered flip-flop clocked by wb_clk_i)
  Endpoint: wb_dat_o[11]
            (output port clocked by wb_clk_i)
  Path Group: wb_clk_i
  Path Type: max

  Des/Clust/Port     Wire Load Model       Library
  ------------------------------------------------
  pit_top            5K_hvratio_1_1        NangateOpenCellLibrary_ss0p95vn40c

  Point                                                   Incr       Path
  --------------------------------------------------------------------------
  clock wb_clk_i (rise edge)                              0.00       0.00
  clock network delay (ideal)                             0.00       0.00
  wishbone/addr_latch_reg[1]/CK (DFF_X1)                  0.00       0.00 r
  wishbone/addr_latch_reg[1]/Q (DFF_X1)                   0.08       0.08 f
  U335/ZN (NOR3_X1)                                       0.09       0.17 r
  U219/ZN (INV_X1)                                        0.08       0.26 f
  U217/ZN (OAI222_X1)                                     0.08       0.33 r
  U197/Z (BUF_X1)                                         0.14       0.47 r
  wb_dat_o[11] (out)                                      0.31       0.78 r
  data arrival time                                                  0.78

  clock wb_clk_i (rise edge)                              2.50       2.50
  clock network delay (ideal)                             0.00       2.50
  clock uncertainty                                      -0.05       2.45
  output external delay                                  -0.62       1.83
  data required time                                                 1.83
  --------------------------------------------------------------------------
  data required time                                                 1.83
  data arrival time                                                 -0.78
  --------------------------------------------------------------------------
  slack (MET)                                                        1.04


  Startpoint: wishbone/addr_latch_reg[1]
              (rising edge-triggered flip-flop clocked by wb_clk_i)
  Endpoint: wb_dat_o[15]
            (output port clocked by wb_clk_i)
  Path Group: wb_clk_i
  Path Type: max

  Des/Clust/Port     Wire Load Model       Library
  ------------------------------------------------
  pit_top            5K_hvratio_1_1        NangateOpenCellLibrary_ss0p95vn40c

  Point                                                   Incr       Path
  --------------------------------------------------------------------------
  clock wb_clk_i (rise edge)                              0.00       0.00
  clock network delay (ideal)                             0.00       0.00
  wishbone/addr_latch_reg[1]/CK (DFF_X1)                  0.00       0.00 r
  wishbone/addr_latch_reg[1]/Q (DFF_X1)                   0.08       0.08 f
  U335/ZN (NOR3_X1)                                       0.09       0.17 r
  U219/ZN (INV_X1)                                        0.08       0.26 f
  U214/ZN (OAI222_X1)                                     0.08       0.33 r
  U189/Z (BUF_X1)                                         0.14       0.47 r
  wb_dat_o[15] (out)                                      0.31       0.78 r
  data arrival time                                                  0.78

  clock wb_clk_i (rise edge)                              2.50       2.50
  clock network delay (ideal)                             0.00       2.50
  clock uncertainty                                      -0.05       2.45
  output external delay                                  -0.62       1.83
  data required time                                                 1.83
  --------------------------------------------------------------------------
  data required time                                                 1.83
  data arrival time                                                 -0.78
  --------------------------------------------------------------------------
  slack (MET)                                                        1.04


1
