 
****************************************
Report : resources
Design : pit_top
Version: G-2012.06-SP2
Date   : Tue Oct  2 04:34:32 2018
****************************************


Resource Report for this hierarchy in file
        /home/ahesham/ASIC_Course/PIT/rtl/pit_wb_bus.v
=============================================================================
| Cell           | Module         | Parameters | Contained Operations       |
=============================================================================
| eq_x_22        | DW_cmp         | width=15   | prescale/eq_68             |
| eq_x_23        | DW_cmp         | width=16   | counter/eq_65              |
| add_x_24       | DW01_inc       | width=16   | counter/add_76             |
| DP_OP_56J1_124_736              |            |                            |
|                | DP_OP_56J1_124_736 |        |                            |
=============================================================================

Datapath Report for DP_OP_56J1_124_736
==============================================================================
| Cell                 | Contained Operations                                |
==============================================================================
| DP_OP_56J1_124_736   | prescale/mult_add_84_aco prescale/add_84_aco        |
==============================================================================

==============================================================================
|       |      | Data     |       |                                          |
| Var   | Type | Class    | Width | Expression                               |
==============================================================================
| I1    | PI   | Unsigned | 15    |                                          |
| I2    | PI   | Unsigned | 1     |                                          |
| T23   | IFO  | Unsigned | 15    | I1 * I2                                  |
| O1    | PO   | Unsigned | 15    | T23 + $unsigned(1'b1)                    |
==============================================================================


Implementation Report
===============================================================================
|                    |                  | Current            | Set            |
| Cell               | Module           | Implementation     | Implementation |
===============================================================================
| eq_x_22            | DW_cmp           | apparch (area)     |                |
| eq_x_23            | DW_cmp           | apparch (area)     |                |
| add_x_24           | DW01_inc         | apparch (area)     |                |
| DP_OP_56J1_124_736 | DP_OP_56J1_124_736 | str (area)       |                |
===============================================================================


No multiplexors to report
1
