 
****************************************
Report : cell
Design : pit_top
Version: G-2012.06-SP2
Date   : Tue Oct  2 04:34:32 2018
****************************************

Attributes:
    b - black box (unknown)
    d - dont_touch
    h - hierarchical
    n - noncombinational
    r - removable
    u - contains unmapped logic

Cell                      Reference       Library             Area  Attributes
--------------------------------------------------------------------------------
U49                       NOR3_X1         NangateOpenCellLibrary_ss0p95vn40c
                                                          1.064000  d
U68                       NOR3_X1         NangateOpenCellLibrary_ss0p95vn40c
                                                          1.064000  d
U89                       OAI22_X1        NangateOpenCellLibrary_ss0p95vn40c
                                                          1.330000  d
U90                       OAI22_X1        NangateOpenCellLibrary_ss0p95vn40c
                                                          1.330000  d
U91                       OAI22_X1        NangateOpenCellLibrary_ss0p95vn40c
                                                          1.330000  d
U92                       OAI22_X1        NangateOpenCellLibrary_ss0p95vn40c
                                                          1.330000  d
U93                       OAI22_X1        NangateOpenCellLibrary_ss0p95vn40c
                                                          1.330000  d
U94                       OAI22_X1        NangateOpenCellLibrary_ss0p95vn40c
                                                          1.330000  d
U95                       OAI22_X1        NangateOpenCellLibrary_ss0p95vn40c
                                                          1.330000  d
U96                       OAI22_X1        NangateOpenCellLibrary_ss0p95vn40c
                                                          1.330000  d
U97                       OAI22_X1        NangateOpenCellLibrary_ss0p95vn40c
                                                          1.330000  d
U98                       OAI22_X1        NangateOpenCellLibrary_ss0p95vn40c
                                                          1.330000  d
U99                       OAI22_X1        NangateOpenCellLibrary_ss0p95vn40c
                                                          1.330000  d
U100                      OAI22_X1        NangateOpenCellLibrary_ss0p95vn40c
                                                          1.330000  d
U101                      OAI22_X1        NangateOpenCellLibrary_ss0p95vn40c
                                                          1.330000  d
U102                      OAI22_X1        NangateOpenCellLibrary_ss0p95vn40c
                                                          1.330000  d
U103                      OAI22_X1        NangateOpenCellLibrary_ss0p95vn40c
                                                          1.330000  d
U104                      OAI22_X1        NangateOpenCellLibrary_ss0p95vn40c
                                                          1.330000  d
U105                      NAND2_X1        NangateOpenCellLibrary_ss0p95vn40c
                                                          0.798000  d
U106                      NAND2_X1        NangateOpenCellLibrary_ss0p95vn40c
                                                          0.798000  d
U107                      OAI22_X1        NangateOpenCellLibrary_ss0p95vn40c
                                                          1.330000  d
U108                      OAI22_X1        NangateOpenCellLibrary_ss0p95vn40c
                                                          1.330000  d
U109                      OAI22_X1        NangateOpenCellLibrary_ss0p95vn40c
                                                          1.330000  d
U110                      OAI22_X1        NangateOpenCellLibrary_ss0p95vn40c
                                                          1.330000  d
U111                      OAI22_X1        NangateOpenCellLibrary_ss0p95vn40c
                                                          1.330000  d
U112                      OAI22_X1        NangateOpenCellLibrary_ss0p95vn40c
                                                          1.330000  d
U113                      OAI22_X1        NangateOpenCellLibrary_ss0p95vn40c
                                                          1.330000  d
U114                      NAND2_X1        NangateOpenCellLibrary_ss0p95vn40c
                                                          0.798000  d
U115                      OAI33_X1        NangateOpenCellLibrary_ss0p95vn40c
                                                          1.862000  d
U116                      NAND2_X1        NangateOpenCellLibrary_ss0p95vn40c
                                                          0.798000  d
U123                      NOR3_X1         NangateOpenCellLibrary_ss0p95vn40c
                                                          1.064000  d
U184                      INV_X1          NangateOpenCellLibrary_ss0p95vn40c
                                                          0.532000  d
U185                      OR3_X1          NangateOpenCellLibrary_ss0p95vn40c
                                                          1.330000  
U186                      BUF_X1          NangateOpenCellLibrary_ss0p95vn40c
                                                          0.798000  
U187                      BUF_X1          NangateOpenCellLibrary_ss0p95vn40c
                                                          0.798000  
U188                      BUF_X1          NangateOpenCellLibrary_ss0p95vn40c
                                                          0.798000  
U189                      BUF_X1          NangateOpenCellLibrary_ss0p95vn40c
                                                          0.798000  
U190                      BUF_X1          NangateOpenCellLibrary_ss0p95vn40c
                                                          0.798000  
U191                      BUF_X1          NangateOpenCellLibrary_ss0p95vn40c
                                                          0.798000  
U192                      BUF_X1          NangateOpenCellLibrary_ss0p95vn40c
                                                          0.798000  
U193                      BUF_X1          NangateOpenCellLibrary_ss0p95vn40c
                                                          0.798000  
U194                      BUF_X1          NangateOpenCellLibrary_ss0p95vn40c
                                                          0.798000  
U195                      BUF_X1          NangateOpenCellLibrary_ss0p95vn40c
                                                          0.798000  
U196                      BUF_X1          NangateOpenCellLibrary_ss0p95vn40c
                                                          0.798000  
U197                      BUF_X1          NangateOpenCellLibrary_ss0p95vn40c
                                                          0.798000  
U198                      BUF_X1          NangateOpenCellLibrary_ss0p95vn40c
                                                          0.798000  
U199                      OAI21_X2        NangateOpenCellLibrary_ss0p95vn40c
                                                          1.862000  
U200                      OAI21_X2        NangateOpenCellLibrary_ss0p95vn40c
                                                          1.862000  
U201                      INV_X1          NangateOpenCellLibrary_ss0p95vn40c
                                                          0.532000  
U202                      NOR2_X2         NangateOpenCellLibrary_ss0p95vn40c
                                                          1.330000  
U203                      NOR2_X4         NangateOpenCellLibrary_ss0p95vn40c
                                                          2.394000  
U204                      OAI222_X4       NangateOpenCellLibrary_ss0p95vn40c
                                                          3.724000  
U205                      OAI22_X1        NangateOpenCellLibrary_ss0p95vn40c
                                                          1.330000  
U206                      OAI22_X1        NangateOpenCellLibrary_ss0p95vn40c
                                                          1.330000  
U207                      OAI22_X1        NangateOpenCellLibrary_ss0p95vn40c
                                                          1.330000  
U208                      OAI22_X1        NangateOpenCellLibrary_ss0p95vn40c
                                                          1.330000  
U209                      OAI22_X1        NangateOpenCellLibrary_ss0p95vn40c
                                                          1.330000  
U210                      OAI22_X1        NangateOpenCellLibrary_ss0p95vn40c
                                                          1.330000  
U211                      OAI22_X1        NangateOpenCellLibrary_ss0p95vn40c
                                                          1.330000  
U212                      OAI222_X1       NangateOpenCellLibrary_ss0p95vn40c
                                                          2.128000  
U213                      OAI222_X1       NangateOpenCellLibrary_ss0p95vn40c
                                                          2.128000  
U214                      OAI222_X1       NangateOpenCellLibrary_ss0p95vn40c
                                                          2.128000  
U215                      OAI222_X1       NangateOpenCellLibrary_ss0p95vn40c
                                                          2.128000  
U216                      OAI222_X1       NangateOpenCellLibrary_ss0p95vn40c
                                                          2.128000  
U217                      OAI222_X1       NangateOpenCellLibrary_ss0p95vn40c
                                                          2.128000  
U218                      INV_X1          NangateOpenCellLibrary_ss0p95vn40c
                                                          0.532000  
U219                      AND3_X1         NangateOpenCellLibrary_ss0p95vn40c
                                                          1.330000  
U220                      INV_X1          NangateOpenCellLibrary_ss0p95vn40c
                                                          0.532000  
U221                      AND2_X1         NangateOpenCellLibrary_ss0p95vn40c
                                                          1.064000  
U222                      NAND2_X1        NangateOpenCellLibrary_ss0p95vn40c
                                                          0.798000  
U223                      INV_X1          NangateOpenCellLibrary_ss0p95vn40c
                                                          0.532000  
U224                      NAND3_X1        NangateOpenCellLibrary_ss0p95vn40c
                                                          1.064000  
U225                      INV_X1          NangateOpenCellLibrary_ss0p95vn40c
                                                          0.532000  
U226                      INV_X1          NangateOpenCellLibrary_ss0p95vn40c
                                                          0.532000  
U227                      INV_X1          NangateOpenCellLibrary_ss0p95vn40c
                                                          0.532000  
U228                      INV_X1          NangateOpenCellLibrary_ss0p95vn40c
                                                          0.532000  
U229                      INV_X1          NangateOpenCellLibrary_ss0p95vn40c
                                                          0.532000  
U230                      INV_X1          NangateOpenCellLibrary_ss0p95vn40c
                                                          0.532000  
U231                      INV_X1          NangateOpenCellLibrary_ss0p95vn40c
                                                          0.532000  
U232                      INV_X1          NangateOpenCellLibrary_ss0p95vn40c
                                                          0.532000  
U233                      INV_X1          NangateOpenCellLibrary_ss0p95vn40c
                                                          0.532000  
U234                      AND2_X1         NangateOpenCellLibrary_ss0p95vn40c
                                                          1.064000  
U235                      NOR3_X1         NangateOpenCellLibrary_ss0p95vn40c
                                                          1.064000  
U236                      NOR3_X1         NangateOpenCellLibrary_ss0p95vn40c
                                                          1.064000  
U237                      AND2_X1         NangateOpenCellLibrary_ss0p95vn40c
                                                          1.064000  
U238                      AOI21_X1        NangateOpenCellLibrary_ss0p95vn40c
                                                          1.064000  
U239                      NOR2_X1         NangateOpenCellLibrary_ss0p95vn40c
                                                          0.798000  
U240                      AOI211_X1       NangateOpenCellLibrary_ss0p95vn40c
                                                          1.330000  
U241                      AOI22_X1        NangateOpenCellLibrary_ss0p95vn40c
                                                          1.330000  
U242                      OAI221_X1       NangateOpenCellLibrary_ss0p95vn40c
                                                          1.596000  
U243                      NAND2_X1        NangateOpenCellLibrary_ss0p95vn40c
                                                          0.798000  
U244                      OR2_X1          NangateOpenCellLibrary_ss0p95vn40c
                                                          1.064000  
U245                      OAI22_X1        NangateOpenCellLibrary_ss0p95vn40c
                                                          1.330000  
U246                      AOI221_X1       NangateOpenCellLibrary_ss0p95vn40c
                                                          1.596000  
U247                      NAND2_X1        NangateOpenCellLibrary_ss0p95vn40c
                                                          0.798000  
U248                      OAI211_X1       NangateOpenCellLibrary_ss0p95vn40c
                                                          1.330000  
U249                      AOI21_X1        NangateOpenCellLibrary_ss0p95vn40c
                                                          1.064000  
U250                      NOR2_X1         NangateOpenCellLibrary_ss0p95vn40c
                                                          0.798000  
U251                      INV_X1          NangateOpenCellLibrary_ss0p95vn40c
                                                          0.532000  
U252                      AOI22_X1        NangateOpenCellLibrary_ss0p95vn40c
                                                          1.330000  
U253                      OAI221_X1       NangateOpenCellLibrary_ss0p95vn40c
                                                          1.596000  
U254                      INV_X1          NangateOpenCellLibrary_ss0p95vn40c
                                                          0.532000  
U255                      AOI21_X1        NangateOpenCellLibrary_ss0p95vn40c
                                                          1.064000  
U256                      AOI221_X1       NangateOpenCellLibrary_ss0p95vn40c
                                                          1.596000  
U257                      OAI21_X1        NangateOpenCellLibrary_ss0p95vn40c
                                                          1.064000  
U258                      NAND2_X1        NangateOpenCellLibrary_ss0p95vn40c
                                                          0.798000  
U259                      OAI22_X1        NangateOpenCellLibrary_ss0p95vn40c
                                                          1.330000  
U260                      AOI221_X1       NangateOpenCellLibrary_ss0p95vn40c
                                                          1.596000  
U261                      AOI21_X1        NangateOpenCellLibrary_ss0p95vn40c
                                                          1.064000  
U262                      NOR2_X1         NangateOpenCellLibrary_ss0p95vn40c
                                                          0.798000  
U263                      OAI22_X1        NangateOpenCellLibrary_ss0p95vn40c
                                                          1.330000  
U264                      AOI211_X1       NangateOpenCellLibrary_ss0p95vn40c
                                                          1.330000  
U265                      OAI21_X1        NangateOpenCellLibrary_ss0p95vn40c
                                                          1.064000  
U266                      AOI211_X1       NangateOpenCellLibrary_ss0p95vn40c
                                                          1.330000  
U267                      OAI211_X1       NangateOpenCellLibrary_ss0p95vn40c
                                                          1.330000  
U268                      NOR4_X1         NangateOpenCellLibrary_ss0p95vn40c
                                                          1.330000  
U269                      AOI22_X1        NangateOpenCellLibrary_ss0p95vn40c
                                                          1.330000  
U270                      NAND2_X1        NangateOpenCellLibrary_ss0p95vn40c
                                                          0.798000  
U271                      NAND2_X1        NangateOpenCellLibrary_ss0p95vn40c
                                                          0.798000  
U272                      NOR2_X1         NangateOpenCellLibrary_ss0p95vn40c
                                                          0.798000  
U273                      NAND2_X1        NangateOpenCellLibrary_ss0p95vn40c
                                                          0.798000  
U274                      NOR2_X1         NangateOpenCellLibrary_ss0p95vn40c
                                                          0.798000  
U275                      NAND2_X1        NangateOpenCellLibrary_ss0p95vn40c
                                                          0.798000  
U276                      NOR2_X1         NangateOpenCellLibrary_ss0p95vn40c
                                                          0.798000  
U277                      NAND2_X1        NangateOpenCellLibrary_ss0p95vn40c
                                                          0.798000  
U278                      NOR2_X1         NangateOpenCellLibrary_ss0p95vn40c
                                                          0.798000  
U279                      NAND2_X1        NangateOpenCellLibrary_ss0p95vn40c
                                                          0.798000  
U280                      NOR2_X1         NangateOpenCellLibrary_ss0p95vn40c
                                                          0.798000  
U281                      XNOR2_X1        NangateOpenCellLibrary_ss0p95vn40c
                                                          1.596000  
U282                      NAND2_X1        NangateOpenCellLibrary_ss0p95vn40c
                                                          0.798000  
U283                      XOR2_X1         NangateOpenCellLibrary_ss0p95vn40c
                                                          1.596000  
U284                      NAND2_X1        NangateOpenCellLibrary_ss0p95vn40c
                                                          0.798000  
U285                      XNOR2_X1        NangateOpenCellLibrary_ss0p95vn40c
                                                          1.596000  
U286                      NAND2_X1        NangateOpenCellLibrary_ss0p95vn40c
                                                          0.798000  
U287                      XOR2_X1         NangateOpenCellLibrary_ss0p95vn40c
                                                          1.596000  
U288                      NAND2_X1        NangateOpenCellLibrary_ss0p95vn40c
                                                          0.798000  
U289                      XNOR2_X1        NangateOpenCellLibrary_ss0p95vn40c
                                                          1.596000  
U290                      NAND2_X1        NangateOpenCellLibrary_ss0p95vn40c
                                                          0.798000  
U291                      XOR2_X1         NangateOpenCellLibrary_ss0p95vn40c
                                                          1.596000  
U292                      NAND2_X1        NangateOpenCellLibrary_ss0p95vn40c
                                                          0.798000  
U293                      XNOR2_X1        NangateOpenCellLibrary_ss0p95vn40c
                                                          1.596000  
U294                      NAND2_X1        NangateOpenCellLibrary_ss0p95vn40c
                                                          0.798000  
U295                      XOR2_X1         NangateOpenCellLibrary_ss0p95vn40c
                                                          1.596000  
U296                      NAND2_X1        NangateOpenCellLibrary_ss0p95vn40c
                                                          0.798000  
U297                      XNOR2_X1        NangateOpenCellLibrary_ss0p95vn40c
                                                          1.596000  
U298                      NAND2_X1        NangateOpenCellLibrary_ss0p95vn40c
                                                          0.798000  
U299                      XOR2_X1         NangateOpenCellLibrary_ss0p95vn40c
                                                          1.596000  
U300                      NAND2_X1        NangateOpenCellLibrary_ss0p95vn40c
                                                          0.798000  
U301                      XNOR2_X1        NangateOpenCellLibrary_ss0p95vn40c
                                                          1.596000  
U302                      NAND2_X1        NangateOpenCellLibrary_ss0p95vn40c
                                                          0.798000  
U303                      XNOR2_X1        NangateOpenCellLibrary_ss0p95vn40c
                                                          1.596000  
U304                      NAND2_X1        NangateOpenCellLibrary_ss0p95vn40c
                                                          0.798000  
U305                      NAND2_X1        NangateOpenCellLibrary_ss0p95vn40c
                                                          0.798000  
U306                      AOI21_X1        NangateOpenCellLibrary_ss0p95vn40c
                                                          1.064000  
U307                      NAND2_X1        NangateOpenCellLibrary_ss0p95vn40c
                                                          0.798000  
U308                      NAND2_X1        NangateOpenCellLibrary_ss0p95vn40c
                                                          0.798000  
U309                      XOR2_X1         NangateOpenCellLibrary_ss0p95vn40c
                                                          1.596000  
U310                      NAND4_X1        NangateOpenCellLibrary_ss0p95vn40c
                                                          1.330000  
U311                      NAND4_X1        NangateOpenCellLibrary_ss0p95vn40c
                                                          1.330000  
U312                      NOR4_X1         NangateOpenCellLibrary_ss0p95vn40c
                                                          1.330000  
U313                      NAND4_X1        NangateOpenCellLibrary_ss0p95vn40c
                                                          1.330000  
U314                      NOR3_X1         NangateOpenCellLibrary_ss0p95vn40c
                                                          1.064000  
U315                      AOI22_X1        NangateOpenCellLibrary_ss0p95vn40c
                                                          1.330000  
U316                      OAI221_X1       NangateOpenCellLibrary_ss0p95vn40c
                                                          1.596000  
U317                      AOI22_X1        NangateOpenCellLibrary_ss0p95vn40c
                                                          1.330000  
U318                      OAI221_X1       NangateOpenCellLibrary_ss0p95vn40c
                                                          1.596000  
U319                      AOI22_X1        NangateOpenCellLibrary_ss0p95vn40c
                                                          1.330000  
U320                      OAI221_X1       NangateOpenCellLibrary_ss0p95vn40c
                                                          1.596000  
U321                      AOI221_X1       NangateOpenCellLibrary_ss0p95vn40c
                                                          1.596000  
U322                      OAI221_X1       NangateOpenCellLibrary_ss0p95vn40c
                                                          1.596000  
U323                      OAI22_X1        NangateOpenCellLibrary_ss0p95vn40c
                                                          1.330000  
U324                      AOI221_X1       NangateOpenCellLibrary_ss0p95vn40c
                                                          1.596000  
U325                      OAI22_X1        NangateOpenCellLibrary_ss0p95vn40c
                                                          1.330000  
U326                      AOI221_X1       NangateOpenCellLibrary_ss0p95vn40c
                                                          1.596000  
U327                      OAI22_X1        NangateOpenCellLibrary_ss0p95vn40c
                                                          1.330000  
U328                      AOI221_X1       NangateOpenCellLibrary_ss0p95vn40c
                                                          1.596000  
U329                      OAI22_X1        NangateOpenCellLibrary_ss0p95vn40c
                                                          1.330000  
U330                      AOI221_X1       NangateOpenCellLibrary_ss0p95vn40c
                                                          1.596000  
U331                      NAND4_X1        NangateOpenCellLibrary_ss0p95vn40c
                                                          1.330000  
U332                      NOR4_X1         NangateOpenCellLibrary_ss0p95vn40c
                                                          1.330000  
U333                      AOI21_X1        NangateOpenCellLibrary_ss0p95vn40c
                                                          1.064000  
U334                      INV_X1          NangateOpenCellLibrary_ss0p95vn40c
                                                          0.532000  
U335                      OAI21_X1        NangateOpenCellLibrary_ss0p95vn40c
                                                          1.064000  
U336                      NOR3_X1         NangateOpenCellLibrary_ss0p95vn40c
                                                          1.064000  
U337                      NAND3_X1        NangateOpenCellLibrary_ss0p95vn40c
                                                          1.064000  
U338                      NOR3_X1         NangateOpenCellLibrary_ss0p95vn40c
                                                          1.064000  
U339                      NAND3_X1        NangateOpenCellLibrary_ss0p95vn40c
                                                          1.064000  
U340                      NOR2_X1         NangateOpenCellLibrary_ss0p95vn40c
                                                          0.798000  
U341                      NAND2_X1        NangateOpenCellLibrary_ss0p95vn40c
                                                          0.798000  
U342                      NOR2_X1         NangateOpenCellLibrary_ss0p95vn40c
                                                          0.798000  
U343                      NAND3_X1        NangateOpenCellLibrary_ss0p95vn40c
                                                          1.064000  
U344                      NOR2_X1         NangateOpenCellLibrary_ss0p95vn40c
                                                          0.798000  
U345                      NAND2_X1        NangateOpenCellLibrary_ss0p95vn40c
                                                          0.798000  
U346                      NOR2_X1         NangateOpenCellLibrary_ss0p95vn40c
                                                          0.798000  
U347                      NAND2_X1        NangateOpenCellLibrary_ss0p95vn40c
                                                          0.798000  
U348                      NOR2_X1         NangateOpenCellLibrary_ss0p95vn40c
                                                          0.798000  
U349                      NAND2_X1        NangateOpenCellLibrary_ss0p95vn40c
                                                          0.798000  
U350                      NOR2_X1         NangateOpenCellLibrary_ss0p95vn40c
                                                          0.798000  
U351                      NAND2_X1        NangateOpenCellLibrary_ss0p95vn40c
                                                          0.798000  
U352                      NOR2_X1         NangateOpenCellLibrary_ss0p95vn40c
                                                          0.798000  
U353                      NAND2_X1        NangateOpenCellLibrary_ss0p95vn40c
                                                          0.798000  
U354                      NOR2_X1         NangateOpenCellLibrary_ss0p95vn40c
                                                          0.798000  
U355                      NAND2_X1        NangateOpenCellLibrary_ss0p95vn40c
                                                          0.798000  
U356                      XNOR2_X1        NangateOpenCellLibrary_ss0p95vn40c
                                                          1.596000  
U357                      AOI22_X1        NangateOpenCellLibrary_ss0p95vn40c
                                                          1.330000  
U358                      NAND2_X1        NangateOpenCellLibrary_ss0p95vn40c
                                                          0.798000  
U359                      OAI21_X1        NangateOpenCellLibrary_ss0p95vn40c
                                                          1.064000  
U360                      NAND2_X1        NangateOpenCellLibrary_ss0p95vn40c
                                                          0.798000  
U361                      AOI21_X1        NangateOpenCellLibrary_ss0p95vn40c
                                                          1.064000  
U362                      OAI21_X1        NangateOpenCellLibrary_ss0p95vn40c
                                                          1.064000  
U363                      AOI21_X1        NangateOpenCellLibrary_ss0p95vn40c
                                                          1.064000  
U364                      AOI22_X1        NangateOpenCellLibrary_ss0p95vn40c
                                                          1.330000  
U365                      INV_X1          NangateOpenCellLibrary_ss0p95vn40c
                                                          0.532000  
U366                      OAI21_X1        NangateOpenCellLibrary_ss0p95vn40c
                                                          1.064000  
U367                      OAI211_X1       NangateOpenCellLibrary_ss0p95vn40c
                                                          1.330000  
U368                      AOI21_X1        NangateOpenCellLibrary_ss0p95vn40c
                                                          1.064000  
U369                      AOI22_X1        NangateOpenCellLibrary_ss0p95vn40c
                                                          1.330000  
U370                      INV_X1          NangateOpenCellLibrary_ss0p95vn40c
                                                          0.532000  
U371                      OAI21_X1        NangateOpenCellLibrary_ss0p95vn40c
                                                          1.064000  
U372                      OAI211_X1       NangateOpenCellLibrary_ss0p95vn40c
                                                          1.330000  
U373                      AOI21_X1        NangateOpenCellLibrary_ss0p95vn40c
                                                          1.064000  
U374                      AOI22_X1        NangateOpenCellLibrary_ss0p95vn40c
                                                          1.330000  
U375                      INV_X1          NangateOpenCellLibrary_ss0p95vn40c
                                                          0.532000  
U376                      OAI21_X1        NangateOpenCellLibrary_ss0p95vn40c
                                                          1.064000  
U377                      OAI211_X1       NangateOpenCellLibrary_ss0p95vn40c
                                                          1.330000  
U378                      AOI21_X1        NangateOpenCellLibrary_ss0p95vn40c
                                                          1.064000  
U379                      AOI22_X1        NangateOpenCellLibrary_ss0p95vn40c
                                                          1.330000  
U380                      INV_X1          NangateOpenCellLibrary_ss0p95vn40c
                                                          0.532000  
U381                      OAI21_X1        NangateOpenCellLibrary_ss0p95vn40c
                                                          1.064000  
U382                      OAI211_X1       NangateOpenCellLibrary_ss0p95vn40c
                                                          1.330000  
U383                      AOI21_X1        NangateOpenCellLibrary_ss0p95vn40c
                                                          1.064000  
U384                      AOI22_X1        NangateOpenCellLibrary_ss0p95vn40c
                                                          1.330000  
U385                      INV_X1          NangateOpenCellLibrary_ss0p95vn40c
                                                          0.532000  
U386                      OAI21_X1        NangateOpenCellLibrary_ss0p95vn40c
                                                          1.064000  
U387                      OAI211_X1       NangateOpenCellLibrary_ss0p95vn40c
                                                          1.330000  
U388                      AOI21_X1        NangateOpenCellLibrary_ss0p95vn40c
                                                          1.064000  
U389                      AOI22_X1        NangateOpenCellLibrary_ss0p95vn40c
                                                          1.330000  
U390                      INV_X1          NangateOpenCellLibrary_ss0p95vn40c
                                                          0.532000  
U391                      OAI21_X1        NangateOpenCellLibrary_ss0p95vn40c
                                                          1.064000  
U392                      OAI211_X1       NangateOpenCellLibrary_ss0p95vn40c
                                                          1.330000  
U393                      AOI21_X1        NangateOpenCellLibrary_ss0p95vn40c
                                                          1.064000  
U394                      AOI22_X1        NangateOpenCellLibrary_ss0p95vn40c
                                                          1.330000  
U395                      AOI211_X1       NangateOpenCellLibrary_ss0p95vn40c
                                                          1.330000  
U396                      AOI21_X1        NangateOpenCellLibrary_ss0p95vn40c
                                                          1.064000  
U397                      AOI22_X1        NangateOpenCellLibrary_ss0p95vn40c
                                                          1.330000  
U398                      INV_X1          NangateOpenCellLibrary_ss0p95vn40c
                                                          0.532000  
U399                      INV_X1          NangateOpenCellLibrary_ss0p95vn40c
                                                          0.532000  
U400                      INV_X1          NangateOpenCellLibrary_ss0p95vn40c
                                                          0.532000  
U401                      INV_X1          NangateOpenCellLibrary_ss0p95vn40c
                                                          0.532000  
U402                      INV_X1          NangateOpenCellLibrary_ss0p95vn40c
                                                          0.532000  
U403                      INV_X1          NangateOpenCellLibrary_ss0p95vn40c
                                                          0.532000  
U404                      INV_X1          NangateOpenCellLibrary_ss0p95vn40c
                                                          0.532000  
U405                      INV_X1          NangateOpenCellLibrary_ss0p95vn40c
                                                          0.532000  
U406                      MUX2_X1         NangateOpenCellLibrary_ss0p95vn40c
                                                          1.862000  
U407                      MUX2_X1         NangateOpenCellLibrary_ss0p95vn40c
                                                          1.862000  
U408                      MUX2_X1         NangateOpenCellLibrary_ss0p95vn40c
                                                          1.862000  
counter/cnt_flag_o_reg    DFFR_X1         NangateOpenCellLibrary_ss0p95vn40c
                                                          5.320000  n
counter/cnt_n_reg[0]      DFFR_X1         NangateOpenCellLibrary_ss0p95vn40c
                                                          5.320000  n
counter/cnt_n_reg[1]      DFFS_X1         NangateOpenCellLibrary_ss0p95vn40c
                                                          5.320000  n
counter/cnt_n_reg[2]      DFFS_X1         NangateOpenCellLibrary_ss0p95vn40c
                                                          5.320000  n
counter/cnt_n_reg[3]      DFFS_X1         NangateOpenCellLibrary_ss0p95vn40c
                                                          5.320000  n
counter/cnt_n_reg[4]      DFFS_X1         NangateOpenCellLibrary_ss0p95vn40c
                                                          5.320000  n
counter/cnt_n_reg[5]      DFFS_X1         NangateOpenCellLibrary_ss0p95vn40c
                                                          5.320000  n
counter/cnt_n_reg[6]      DFFS_X1         NangateOpenCellLibrary_ss0p95vn40c
                                                          5.320000  n
counter/cnt_n_reg[7]      DFFS_X1         NangateOpenCellLibrary_ss0p95vn40c
                                                          5.320000  n
counter/cnt_n_reg[8]      DFFS_X1         NangateOpenCellLibrary_ss0p95vn40c
                                                          5.320000  n
counter/cnt_n_reg[9]      DFFS_X1         NangateOpenCellLibrary_ss0p95vn40c
                                                          5.320000  n
counter/cnt_n_reg[10]     DFFS_X1         NangateOpenCellLibrary_ss0p95vn40c
                                                          5.320000  n
counter/cnt_n_reg[11]     DFFS_X1         NangateOpenCellLibrary_ss0p95vn40c
                                                          5.320000  n
counter/cnt_n_reg[12]     DFFS_X1         NangateOpenCellLibrary_ss0p95vn40c
                                                          5.320000  n
counter/cnt_n_reg[13]     DFFS_X1         NangateOpenCellLibrary_ss0p95vn40c
                                                          5.320000  n
counter/cnt_n_reg[14]     DFFS_X1         NangateOpenCellLibrary_ss0p95vn40c
                                                          5.320000  n
counter/cnt_n_reg[15]     DFFS_X1         NangateOpenCellLibrary_ss0p95vn40c
                                                          5.320000  n
counter/pit_o_reg         DFFR_X1         NangateOpenCellLibrary_ss0p95vn40c
                                                          5.320000  n
prescale/cnt_n_reg[0]     DFFS_X1         NangateOpenCellLibrary_ss0p95vn40c
                                                          5.320000  n
prescale/cnt_n_reg[1]     DFFR_X1         NangateOpenCellLibrary_ss0p95vn40c
                                                          5.320000  n
prescale/cnt_n_reg[2]     DFFR_X1         NangateOpenCellLibrary_ss0p95vn40c
                                                          5.320000  n
prescale/cnt_n_reg[3]     DFFR_X1         NangateOpenCellLibrary_ss0p95vn40c
                                                          5.320000  n
prescale/cnt_n_reg[4]     DFFR_X1         NangateOpenCellLibrary_ss0p95vn40c
                                                          5.320000  n
prescale/cnt_n_reg[5]     DFFR_X1         NangateOpenCellLibrary_ss0p95vn40c
                                                          5.320000  n
prescale/cnt_n_reg[6]     DFFR_X1         NangateOpenCellLibrary_ss0p95vn40c
                                                          5.320000  n
prescale/cnt_n_reg[7]     DFFR_X1         NangateOpenCellLibrary_ss0p95vn40c
                                                          5.320000  n
prescale/cnt_n_reg[8]     DFFR_X1         NangateOpenCellLibrary_ss0p95vn40c
                                                          5.320000  n
prescale/cnt_n_reg[9]     DFFR_X1         NangateOpenCellLibrary_ss0p95vn40c
                                                          5.320000  n
prescale/cnt_n_reg[10]    DFFR_X1         NangateOpenCellLibrary_ss0p95vn40c
                                                          5.320000  n
prescale/cnt_n_reg[11]    DFFR_X1         NangateOpenCellLibrary_ss0p95vn40c
                                                          5.320000  n
prescale/cnt_n_reg[12]    DFFR_X1         NangateOpenCellLibrary_ss0p95vn40c
                                                          5.320000  n
prescale/cnt_n_reg[13]    DFFR_X1         NangateOpenCellLibrary_ss0p95vn40c
                                                          5.320000  n
prescale/cnt_n_reg[14]    DFFR_X1         NangateOpenCellLibrary_ss0p95vn40c
                                                          5.320000  n
regs/cnt_sync_o_reg       DFFR_X1         NangateOpenCellLibrary_ss0p95vn40c
                                                          5.320000  n
regs/mod_value_reg[0]     DFFR_X1         NangateOpenCellLibrary_ss0p95vn40c
                                                          5.320000  n
regs/mod_value_reg[1]     DFFR_X1         NangateOpenCellLibrary_ss0p95vn40c
                                                          5.320000  n
regs/mod_value_reg[2]     DFFR_X1         NangateOpenCellLibrary_ss0p95vn40c
                                                          5.320000  n
regs/mod_value_reg[3]     DFFR_X1         NangateOpenCellLibrary_ss0p95vn40c
                                                          5.320000  n
regs/mod_value_reg[4]     DFFR_X1         NangateOpenCellLibrary_ss0p95vn40c
                                                          5.320000  n
regs/mod_value_reg[5]     DFFR_X1         NangateOpenCellLibrary_ss0p95vn40c
                                                          5.320000  n
regs/mod_value_reg[6]     DFFR_X1         NangateOpenCellLibrary_ss0p95vn40c
                                                          5.320000  n
regs/mod_value_reg[7]     DFFR_X1         NangateOpenCellLibrary_ss0p95vn40c
                                                          5.320000  n
regs/mod_value_reg[8]     DFFR_X1         NangateOpenCellLibrary_ss0p95vn40c
                                                          5.320000  n
regs/mod_value_reg[9]     DFFR_X1         NangateOpenCellLibrary_ss0p95vn40c
                                                          5.320000  n
regs/mod_value_reg[10]    DFFR_X1         NangateOpenCellLibrary_ss0p95vn40c
                                                          5.320000  n
regs/mod_value_reg[11]    DFFR_X1         NangateOpenCellLibrary_ss0p95vn40c
                                                          5.320000  n
regs/mod_value_reg[12]    DFFR_X1         NangateOpenCellLibrary_ss0p95vn40c
                                                          5.320000  n
regs/mod_value_reg[13]    DFFR_X1         NangateOpenCellLibrary_ss0p95vn40c
                                                          5.320000  n
regs/mod_value_reg[14]    DFFR_X1         NangateOpenCellLibrary_ss0p95vn40c
                                                          5.320000  n
regs/mod_value_reg[15]    DFFR_X1         NangateOpenCellLibrary_ss0p95vn40c
                                                          5.320000  n
regs/pit_flg_clr_reg      DFFR_X1         NangateOpenCellLibrary_ss0p95vn40c
                                                          5.320000  n
regs/pit_ien_reg          DFFR_X1         NangateOpenCellLibrary_ss0p95vn40c
                                                          5.320000  n
regs/pit_irq_o_reg        DFFR_X1         NangateOpenCellLibrary_ss0p95vn40c
                                                          5.320000  n
regs/pit_pre_reg[0]       DFFR_X1         NangateOpenCellLibrary_ss0p95vn40c
                                                          5.320000  n
regs/pit_pre_reg[1]       DFFR_X1         NangateOpenCellLibrary_ss0p95vn40c
                                                          5.320000  n
regs/pit_pre_reg[2]       DFFR_X1         NangateOpenCellLibrary_ss0p95vn40c
                                                          5.320000  n
regs/pit_pre_reg[3]       DFFR_X1         NangateOpenCellLibrary_ss0p95vn40c
                                                          5.320000  n
regs/pit_slave_reg        DFFR_X1         NangateOpenCellLibrary_ss0p95vn40c
                                                          5.320000  n
wishbone/addr_latch_reg[0]
                          DFF_X1          NangateOpenCellLibrary_ss0p95vn40c
                                                          4.522000  n
wishbone/addr_latch_reg[1]
                          DFF_X1          NangateOpenCellLibrary_ss0p95vn40c
                                                          4.522000  n
wishbone/addr_latch_reg[2]
                          DFF_X1          NangateOpenCellLibrary_ss0p95vn40c
                                                          4.522000  n
wishbone/bus_wait_state_reg
                          DFFR_X1         NangateOpenCellLibrary_ss0p95vn40c
                                                          5.320000  n
--------------------------------------------------------------------------------
Total 318 cells                                           615.258011
1
